[tabular] всего 250, уже есть 0, к запуску 250 (процессов: 5)
  1/250           iris          classical q=- L=- seed=1 acc=1.000 f1=1.000 ep=50 t=0.2s  [6s]
  2/250           iris          classical q=- L=- seed=4 acc=1.000 f1=1.000 ep=47 t=0.2s  [6s]
  3/250           iris          classical q=- L=- seed=6 acc=0.933 f1=0.933 ep=66 t=0.2s  [7s]
  4/250           iris          classical q=- L=- seed=0 acc=0.967 f1=0.967 ep=142 t=0.5s  [7s]
  5/250           iris          classical q=- L=- seed=3 acc=0.900 f1=0.900 ep=150 t=0.5s  [7s]
  6/250           iris          classical q=- L=- seed=5 acc=0.967 f1=0.967 ep=114 t=0.4s  [7s]
  7/250           iris          classical q=- L=- seed=8 acc=0.900 f1=0.902 ep=52 t=0.2s  [7s]
  8/250           iris          classical q=- L=- seed=2 acc=0.967 f1=0.967 ep=213 t=0.7s  [7s]
  9/250           iris          classical q=- L=- seed=7 acc=0.967 f1=0.967 ep=94 t=0.3s  [7s]
  10/250           iris  classical_matched q=4 L=2 seed=1 acc=1.000 f1=1.000 ep=110 t=0.3s  [7s]
  11/250           iris          classical q=- L=- seed=9 acc=0.967 f1=0.967 ep=118 t=0.4s  [7s]
  12/250           iris  classical_matched q=4 L=2 seed=0 acc=1.000 f1=1.000 ep=300 t=0.7s  [7s]
  13/250           iris  classical_matched q=4 L=2 seed=5 acc=0.967 f1=0.967 ep=153 t=0.4s  [7s]
  14/250           iris  classical_matched q=4 L=2 seed=4 acc=1.000 f1=1.000 ep=162 t=0.4s  [7s]
  15/250           iris  classical_matched q=4 L=2 seed=2 acc=0.967 f1=0.967 ep=267 t=0.7s  [8s]
  16/250           iris  classical_matched q=4 L=2 seed=3 acc=0.900 f1=0.900 ep=300 t=0.7s  [8s]
  17/250           iris  classical_matched q=4 L=2 seed=8 acc=0.933 f1=0.933 ep=130 t=0.3s  [8s]
  18/250           iris  classical_matched q=4 L=2 seed=6 acc=0.933 f1=0.933 ep=215 t=0.6s  [8s]
  19/250           iris  classical_matched q=4 L=2 seed=7 acc=1.000 f1=1.000 ep=247 t=0.6s  [8s]
  20/250           iris         bottleneck q=4 L=2 seed=1 acc=1.000 f1=1.000 ep=83 t=0.3s  [8s]
  21/250           iris  classical_matched q=4 L=2 seed=9 acc=0.967 f1=0.967 ep=300 t=0.8s  [8s]
  22/250           iris         bottleneck q=4 L=2 seed=4 acc=0.967 f1=0.967 ep=84 t=0.4s  [9s]
  23/250           iris         bottleneck q=4 L=2 seed=0 acc=1.000 f1=1.000 ep=300 t=1.1s  [9s]
  24/250           iris         bottleneck q=4 L=2 seed=5 acc=0.967 f1=0.967 ep=129 t=0.5s  [9s]
  25/250           iris         bottleneck q=4 L=2 seed=2 acc=1.000 f1=1.000 ep=235 t=0.9s  [9s]
  26/250           iris         bottleneck q=4 L=2 seed=6 acc=0.933 f1=0.933 ep=117 t=0.4s  [9s]
  27/250           iris         bottleneck q=4 L=2 seed=3 acc=0.867 f1=0.868 ep=300 t=1.2s  [9s]
  28/250           iris         bottleneck q=4 L=2 seed=8 acc=0.933 f1=0.935 ep=99 t=0.4s  [9s]
  29/250           iris         bottleneck q=4 L=2 seed=9 acc=0.967 f1=0.967 ep=140 t=0.5s  [9s]
  30/250           iris         bottleneck q=4 L=2 seed=7 acc=1.000 f1=1.000 ep=198 t=0.7s  [9s]
  31/250           iris            quantum q=4 L=2 seed=4 acc=0.967 f1=0.967 ep=131 t=5.7s  [15s]
  32/250           iris            quantum q=4 L=2 seed=1 acc=0.867 f1=0.865 ep=201 t=8.6s  [18s]
  33/250           iris            quantum q=4 L=2 seed=0 acc=0.967 f1=0.967 ep=244 t=10.5s  [20s]
  34/250           iris            quantum q=4 L=2 seed=2 acc=0.933 f1=0.935 ep=291 t=13.0s  [22s]
  35/250           iris            quantum q=4 L=2 seed=3 acc=0.867 f1=0.869 ep=300 t=13.7s  [23s]
  36/250           iris            quantum q=4 L=2 seed=5 acc=0.867 f1=0.856 ep=300 t=14.3s  [30s]
  37/250           iris            quantum q=4 L=2 seed=7 acc=0.967 f1=0.967 ep=246 t=13.0s  [33s]
  38/250           iris            quantum q=4 L=2 seed=6 acc=0.967 f1=0.967 ep=300 t=15.6s  [33s]
  39/250           iris            quantum q=4 L=2 seed=8 acc=0.900 f1=0.902 ep=300 t=15.8s  [38s]
  40/250           iris            quantum q=4 L=2 seed=9 acc=0.967 f1=0.967 ep=300 t=15.4s  [39s]
  41/250           iris             hybrid q=4 L=2 seed=1 acc=1.000 f1=1.000 ep=163 t=8.0s  [41s]
  42/250           iris             hybrid q=4 L=2 seed=2 acc=0.967 f1=0.967 ep=205 t=9.8s  [43s]
  43/250           iris             hybrid q=4 L=2 seed=4 acc=1.000 f1=1.000 ep=104 t=4.8s  [43s]
  44/250           iris             hybrid q=4 L=2 seed=0 acc=1.000 f1=1.000 ep=300 t=14.8s  [44s]
  45/250           iris             hybrid q=4 L=2 seed=8 acc=0.967 f1=0.967 ep=119 t=5.6s  [50s]
  46/250           iris             hybrid q=4 L=2 seed=5 acc=0.967 f1=0.967 ep=231 t=10.8s  [51s]
  47/250           wine          classical q=- L=- seed=0 acc=1.000 f1=1.000 ep=107 t=0.4s  [52s]
  48/250           wine          classical q=- L=- seed=1 acc=0.972 f1=0.972 ep=44 t=0.2s  [52s]
  49/250           iris             hybrid q=4 L=2 seed=3 acc=0.933 f1=0.933 ep=300 t=14.1s  [52s]
  50/250           wine          classical q=- L=- seed=2 acc=1.000 f1=1.000 ep=37 t=0.1s  [52s]
  51/250           wine          classical q=- L=- seed=3 acc=1.000 f1=1.000 ep=51 t=0.2s  [52s]
  52/250           wine          classical q=- L=- seed=4 acc=0.972 f1=0.974 ep=34 t=0.1s  [52s]
  53/250           wine          classical q=- L=- seed=5 acc=0.944 f1=0.948 ep=36 t=0.1s  [53s]
  54/250           wine          classical q=- L=- seed=6 acc=0.972 f1=0.972 ep=54 t=0.2s  [53s]
  55/250           wine          classical q=- L=- seed=7 acc=0.972 f1=0.974 ep=37 t=0.1s  [53s]
  56/250           wine          classical q=- L=- seed=9 acc=1.000 f1=1.000 ep=45 t=0.2s  [53s]
  57/250           iris             hybrid q=4 L=2 seed=6 acc=0.900 f1=0.900 ep=212 t=10.0s  [53s]
  58/250           wine          classical q=- L=- seed=8 acc=0.972 f1=0.972 ep=300 t=1.6s  [54s]
  59/250           wine  classical_matched q=4 L=2 seed=0 acc=1.000 f1=1.000 ep=300 t=1.3s  [54s]
  60/250           wine  classical_matched q=4 L=2 seed=3 acc=0.972 f1=0.972 ep=94 t=0.4s  [55s]
  61/250           wine  classical_matched q=4 L=2 seed=1 acc=0.972 f1=0.974 ep=300 t=1.4s  [55s]
  62/250           wine  classical_matched q=4 L=2 seed=2 acc=0.972 f1=0.972 ep=169 t=0.8s  [55s]
  63/250           wine  classical_matched q=4 L=2 seed=4 acc=0.972 f1=0.974 ep=71 t=0.3s  [55s]
  64/250           wine  classical_matched q=4 L=2 seed=7 acc=0.972 f1=0.972 ep=82 t=0.4s  [55s]
  65/250           wine  classical_matched q=4 L=2 seed=5 acc=0.944 f1=0.945 ep=162 t=0.8s  [56s]
  66/250           wine  classical_matched q=4 L=2 seed=6 acc=0.972 f1=0.972 ep=152 t=0.7s  [56s]
  67/250           wine  classical_matched q=4 L=2 seed=9 acc=1.000 f1=1.000 ep=188 t=1.0s  [57s]
  68/250           wine  classical_matched q=4 L=2 seed=8 acc=0.972 f1=0.972 ep=300 t=1.4s  [57s]
  69/250           wine         bottleneck q=4 L=2 seed=2 acc=0.972 f1=0.974 ep=74 t=0.4s  [57s]
  70/250           wine         bottleneck q=4 L=2 seed=0 acc=1.000 f1=1.000 ep=300 t=1.6s  [57s]
  71/250           wine         bottleneck q=4 L=2 seed=3 acc=0.972 f1=0.972 ep=79 t=0.4s  [58s]
  72/250           wine         bottleneck q=4 L=2 seed=4 acc=0.944 f1=0.945 ep=49 t=0.2s  [58s]
  73/250           wine         bottleneck q=4 L=2 seed=1 acc=0.972 f1=0.974 ep=300 t=1.4s  [58s]
  74/250           wine         bottleneck q=4 L=2 seed=5 acc=0.972 f1=0.974 ep=73 t=0.3s  [58s]
  75/250           iris             hybrid q=4 L=2 seed=7 acc=1.000 f1=1.000 ep=300 t=15.0s  [58s]
  76/250           wine         bottleneck q=4 L=2 seed=9 acc=1.000 f1=1.000 ep=110 t=0.7s  [59s]
  77/250           wine         bottleneck q=4 L=2 seed=6 acc=0.972 f1=0.972 ep=300 t=1.6s  [59s]
  78/250           wine         bottleneck q=4 L=2 seed=7 acc=0.917 f1=0.916 ep=300 t=1.9s  [60s]
  79/250           wine         bottleneck q=4 L=2 seed=8 acc=0.972 f1=0.972 ep=300 t=1.9s  [60s]
  80/250           iris             hybrid q=4 L=2 seed=9 acc=1.000 f1=1.000 ep=211 t=11.5s  [61s]
  81/250           wine            quantum q=4 L=2 seed=2 acc=0.972 f1=0.971 ep=143 t=11.0s  [71s]
  82/250           wine            quantum q=4 L=2 seed=4 acc=0.889 f1=0.889 ep=140 t=10.3s  [72s]
  83/250           wine            quantum q=4 L=2 seed=3 acc=0.944 f1=0.947 ep=167 t=12.1s  [72s]
  84/250           wine            quantum q=4 L=2 seed=0 acc=0.917 f1=0.923 ep=228 t=16.6s  [76s]
  85/250           wine            quantum q=4 L=2 seed=6 acc=0.750 f1=0.750 ep=80 t=5.3s  [77s]
  86/250           wine            quantum q=4 L=2 seed=1 acc=0.944 f1=0.941 ep=300 t=21.5s  [81s]
  87/250           wine            quantum q=4 L=2 seed=7 acc=0.861 f1=0.868 ep=185 t=13.1s  [85s]
  88/250           wine            quantum q=4 L=2 seed=9 acc=0.861 f1=0.861 ep=159 t=11.1s  [88s]
  89/250           wine            quantum q=4 L=2 seed=8 acc=0.917 f1=0.923 ep=193 t=13.4s  [89s]
  90/250           wine            quantum q=4 L=2 seed=5 acc=0.917 f1=0.913 ep=275 t=19.1s  [90s]
  91/250           wine             hybrid q=4 L=2 seed=0 acc=0.972 f1=0.974 ep=159 t=11.1s  [92s]
  92/250           wine             hybrid q=4 L=2 seed=3 acc=0.944 f1=0.941 ep=67 t=4.6s  [94s]
  93/250           wine             hybrid q=4 L=2 seed=2 acc=1.000 f1=1.000 ep=91 t=6.8s  [95s]
  94/250           wine             hybrid q=4 L=2 seed=6 acc=0.972 f1=0.974 ep=98 t=6.9s  [101s]
  95/250           wine             hybrid q=4 L=2 seed=4 acc=0.972 f1=0.972 ep=180 t=12.0s  [102s]
  96/250           wine             hybrid q=4 L=2 seed=1 acc=1.000 f1=1.000 ep=300 t=20.8s  [106s]
  97/250  breast_cancer          classical q=- L=- seed=0 acc=0.956 f1=0.953 ep=109 t=1.1s  [107s]
  98/250  breast_cancer          classical q=- L=- seed=1 acc=0.982 f1=0.981 ep=33 t=0.5s  [108s]
  99/250  breast_cancer          classical q=- L=- seed=2 acc=0.982 f1=0.981 ep=33 t=0.5s  [108s]
  100/250  breast_cancer          classical q=- L=- seed=3 acc=0.991 f1=0.991 ep=45 t=0.8s  [109s]
  101/250  breast_cancer          classical q=- L=- seed=4 acc=0.965 f1=0.963 ep=36 t=0.6s  [110s]
  102/250           wine             hybrid q=4 L=2 seed=7 acc=0.944 f1=0.943 ep=214 t=14.7s  [110s]
  103/250  breast_cancer          classical q=- L=- seed=5 acc=0.965 f1=0.963 ep=35 t=0.4s  [110s]
  104/250  breast_cancer          classical q=- L=- seed=6 acc=0.982 f1=0.981 ep=37 t=0.4s  [110s]
  105/250  breast_cancer          classical q=- L=- seed=8 acc=0.974 f1=0.972 ep=32 t=0.3s  [111s]
  106/250  breast_cancer          classical q=- L=- seed=7 acc=0.974 f1=0.972 ep=36 t=0.4s  [111s]
  107/250  breast_cancer          classical q=- L=- seed=9 acc=0.991 f1=0.991 ep=37 t=0.4s  [111s]
  108/250           wine             hybrid q=4 L=2 seed=9 acc=0.972 f1=0.971 ep=125 t=8.9s  [111s]
  109/250           wine             hybrid q=4 L=2 seed=8 acc=0.972 f1=0.971 ep=149 t=10.1s  [111s]
  110/250  breast_cancer  classical_matched q=4 L=2 seed=0 acc=0.974 f1=0.972 ep=86 t=0.7s  [111s]
  111/250  breast_cancer  classical_matched q=4 L=2 seed=1 acc=0.982 f1=0.981 ep=42 t=0.3s  [111s]
  112/250  breast_cancer  classical_matched q=4 L=2 seed=2 acc=0.974 f1=0.971 ep=56 t=0.4s  [111s]
  113/250  breast_cancer  classical_matched q=4 L=2 seed=4 acc=0.974 f1=0.972 ep=36 t=0.3s  [111s]
  114/250  breast_cancer  classical_matched q=4 L=2 seed=5 acc=0.965 f1=0.963 ep=37 t=0.3s  [112s]
  115/250  breast_cancer  classical_matched q=4 L=2 seed=3 acc=0.982 f1=0.981 ep=69 t=0.6s  [112s]
  116/250  breast_cancer  classical_matched q=4 L=2 seed=6 acc=0.982 f1=0.981 ep=44 t=0.3s  [112s]
  117/250  breast_cancer  classical_matched q=4 L=2 seed=7 acc=0.965 f1=0.962 ep=47 t=0.4s  [112s]
  118/250  breast_cancer  classical_matched q=4 L=2 seed=8 acc=0.974 f1=0.972 ep=44 t=0.3s  [112s]
  119/250  breast_cancer  classical_matched q=4 L=2 seed=9 acc=0.991 f1=0.991 ep=40 t=0.3s  [112s]
  120/250  breast_cancer         bottleneck q=4 L=2 seed=0 acc=0.965 f1=0.961 ep=48 t=0.7s  [112s]
  121/250  breast_cancer         bottleneck q=4 L=2 seed=1 acc=0.982 f1=0.981 ep=38 t=0.6s  [113s]
  122/250           wine             hybrid q=4 L=2 seed=5 acc=1.000 f1=1.000 ep=300 t=20.6s  [113s]
  123/250  breast_cancer         bottleneck q=4 L=2 seed=2 acc=0.982 f1=0.981 ep=59 t=0.9s  [113s]
  124/250  breast_cancer         bottleneck q=4 L=2 seed=3 acc=0.982 f1=0.981 ep=64 t=1.1s  [113s]
  125/250  breast_cancer         bottleneck q=4 L=2 seed=6 acc=0.982 f1=0.981 ep=37 t=0.6s  [113s]
  126/250  breast_cancer         bottleneck q=4 L=2 seed=5 acc=0.974 f1=0.972 ep=42 t=0.7s  [113s]
  127/250  breast_cancer         bottleneck q=4 L=2 seed=4 acc=0.974 f1=0.972 ep=59 t=1.0s  [113s]
  128/250  breast_cancer         bottleneck q=4 L=2 seed=7 acc=0.974 f1=0.972 ep=45 t=0.7s  [114s]
  129/250  breast_cancer         bottleneck q=4 L=2 seed=8 acc=0.991 f1=0.991 ep=80 t=1.4s  [114s]
  130/250  breast_cancer         bottleneck q=4 L=2 seed=9 acc=1.000 f1=1.000 ep=75 t=1.3s  [115s]
  131/250  breast_cancer            quantum q=4 L=2 seed=4 acc=0.895 f1=0.886 ep=81 t=14.5s  [129s]
  132/250  breast_cancer            quantum q=4 L=2 seed=2 acc=0.939 f1=0.932 ep=119 t=21.1s  [135s]
  133/250  breast_cancer            quantum q=4 L=2 seed=3 acc=0.868 f1=0.856 ep=133 t=23.8s  [138s]
  134/250  breast_cancer            quantum q=4 L=2 seed=5 acc=0.842 f1=0.829 ep=57 t=9.5s  [139s]
  135/250  breast_cancer            quantum q=4 L=2 seed=0 acc=0.877 f1=0.868 ep=189 t=33.1s  [146s]
  136/250  breast_cancer            quantum q=4 L=2 seed=1 acc=0.886 f1=0.878 ep=191 t=33.7s  [147s]
  137/250  breast_cancer            quantum q=4 L=2 seed=8 acc=0.921 f1=0.916 ep=63 t=10.5s  [149s]
  138/250  breast_cancer             hybrid q=4 L=2 seed=0 acc=0.965 f1=0.962 ep=79 t=14.1s  [161s]
  139/250  breast_cancer            quantum q=4 L=2 seed=6 acc=0.912 f1=0.905 ep=155 t=26.9s  [162s]
  140/250  breast_cancer             hybrid q=4 L=2 seed=1 acc=0.974 f1=0.972 ep=79 t=14.3s  [163s]
  141/250  breast_cancer             hybrid q=4 L=2 seed=3 acc=0.956 f1=0.953 ep=64 t=10.8s  [173s]
  142/250  breast_cancer            quantum q=4 L=2 seed=7 acc=0.895 f1=0.888 ep=203 t=34.8s  [173s]
  143/250  breast_cancer            quantum q=4 L=2 seed=9 acc=0.912 f1=0.904 ep=156 t=27.0s  [173s]
  144/250  breast_cancer             hybrid q=4 L=2 seed=4 acc=0.947 f1=0.944 ep=66 t=11.9s  [175s]
  145/250  breast_cancer             hybrid q=4 L=2 seed=2 acc=0.974 f1=0.971 ep=83 t=14.4s  [176s]
  146/250  breast_cancer             hybrid q=4 L=2 seed=7 acc=0.956 f1=0.953 ep=42 t=7.4s  [181s]
  147/250  breast_cancer             hybrid q=4 L=2 seed=5 acc=0.956 f1=0.953 ep=48 t=8.5s  [181s]
  148/250          moons          classical q=- L=- seed=0 acc=0.887 f1=0.887 ep=60 t=0.4s  [181s]
  149/250          moons          classical q=- L=- seed=1 acc=0.938 f1=0.937 ep=47 t=0.3s  [182s]
  150/250          moons          classical q=- L=- seed=2 acc=0.950 f1=0.950 ep=57 t=0.4s  [182s]
  151/250          moons          classical q=- L=- seed=3 acc=0.950 f1=0.950 ep=45 t=0.4s  [182s]
  152/250          moons          classical q=- L=- seed=4 acc=0.938 f1=0.937 ep=45 t=0.5s  [182s]
  153/250          moons          classical q=- L=- seed=5 acc=0.938 f1=0.937 ep=44 t=0.5s  [182s]
  154/250          moons          classical q=- L=- seed=6 acc=0.938 f1=0.937 ep=50 t=0.6s  [183s]
  155/250          moons          classical q=- L=- seed=7 acc=0.950 f1=0.950 ep=44 t=0.5s  [183s]
  156/250          moons          classical q=- L=- seed=9 acc=0.950 f1=0.950 ep=52 t=0.6s  [184s]
  157/250          moons          classical q=- L=- seed=8 acc=0.863 f1=0.862 ep=107 t=1.2s  [184s]
  158/250  breast_cancer             hybrid q=4 L=2 seed=6 acc=0.982 f1=0.981 ep=63 t=11.4s  [185s]
  159/250          moons  classical_matched q=4 L=2 seed=0 acc=0.900 f1=0.900 ep=139 t=1.1s  [185s]
  160/250          moons  classical_matched q=4 L=2 seed=1 acc=0.938 f1=0.937 ep=121 t=0.8s  [185s]
  161/250  breast_cancer             hybrid q=4 L=2 seed=8 acc=0.991 f1=0.991 ep=57 t=9.8s  [185s]
  162/250          moons  classical_matched q=4 L=2 seed=3 acc=0.938 f1=0.937 ep=96 t=0.6s  [185s]
  163/250          moons  classical_matched q=4 L=2 seed=4 acc=0.900 f1=0.900 ep=88 t=0.5s  [185s]
  164/250          moons  classical_matched q=4 L=2 seed=2 acc=0.950 f1=0.950 ep=160 t=0.9s  [186s]
  165/250          moons  classical_matched q=4 L=2 seed=5 acc=0.925 f1=0.925 ep=88 t=0.5s  [186s]
  166/250          moons  classical_matched q=4 L=2 seed=7 acc=0.963 f1=0.962 ep=91 t=0.5s  [186s]
  167/250  breast_cancer             hybrid q=4 L=2 seed=9 acc=0.974 f1=0.971 ep=59 t=10.1s  [186s]
  168/250          moons  classical_matched q=4 L=2 seed=6 acc=0.950 f1=0.950 ep=140 t=0.8s  [186s]
  169/250          moons  classical_matched q=4 L=2 seed=9 acc=0.950 f1=0.950 ep=142 t=0.8s  [187s]
  170/250          moons  classical_matched q=4 L=2 seed=8 acc=0.925 f1=0.925 ep=182 t=1.1s  [187s]
  171/250          moons         bottleneck q=4 L=2 seed=1 acc=0.925 f1=0.925 ep=107 t=0.9s  [187s]
  172/250          moons         bottleneck q=4 L=2 seed=2 acc=0.950 f1=0.950 ep=84 t=0.8s  [187s]
  173/250          moons         bottleneck q=4 L=2 seed=0 acc=0.900 f1=0.900 ep=115 t=1.0s  [187s]
  174/250          moons         bottleneck q=4 L=2 seed=4 acc=0.925 f1=0.925 ep=68 t=0.8s  [187s]
  175/250          moons         bottleneck q=4 L=2 seed=5 acc=0.912 f1=0.912 ep=70 t=0.8s  [188s]
  176/250          moons         bottleneck q=4 L=2 seed=3 acc=0.950 f1=0.950 ep=95 t=1.1s  [188s]
  177/250          moons         bottleneck q=4 L=2 seed=7 acc=0.963 f1=0.962 ep=74 t=0.9s  [188s]
  178/250          moons         bottleneck q=4 L=2 seed=6 acc=0.950 f1=0.950 ep=100 t=1.2s  [188s]
  179/250          moons         bottleneck q=4 L=2 seed=8 acc=0.900 f1=0.900 ep=124 t=1.5s  [189s]
  180/250          moons         bottleneck q=4 L=2 seed=9 acc=0.950 f1=0.950 ep=116 t=1.3s  [189s]
  181/250          moons            quantum q=4 L=2 seed=3 acc=0.938 f1=0.937 ep=105 t=13.1s  [202s]
  182/250          moons            quantum q=4 L=2 seed=0 acc=0.887 f1=0.887 ep=147 t=18.5s  [206s]
  183/250          moons            quantum q=4 L=2 seed=4 acc=0.900 f1=0.900 ep=181 t=22.6s  [212s]
  184/250          moons            quantum q=4 L=2 seed=1 acc=0.925 f1=0.925 ep=194 t=24.7s  [213s]
  185/250          moons            quantum q=4 L=2 seed=2 acc=0.950 f1=0.950 ep=196 t=24.8s  [213s]
  186/250          moons            quantum q=4 L=2 seed=7 acc=0.938 f1=0.937 ep=117 t=15.1s  [227s]
  187/250          moons            quantum q=4 L=2 seed=5 acc=0.938 f1=0.937 ep=205 t=25.9s  [228s]
  188/250          moons            quantum q=4 L=2 seed=6 acc=0.938 f1=0.937 ep=252 t=32.5s  [239s]
  189/250          moons            quantum q=4 L=2 seed=9 acc=0.938 f1=0.937 ep=220 t=28.7s  [242s]
  190/250          moons             hybrid q=4 L=2 seed=0 acc=0.900 f1=0.900 ep=115 t=15.5s  [242s]
  191/250          moons             hybrid q=4 L=2 seed=1 acc=0.912 f1=0.912 ep=105 t=14.4s  [242s]
  192/250          moons            quantum q=4 L=2 seed=8 acc=0.887 f1=0.887 ep=267 t=34.9s  [248s]
  193/250          moons             hybrid q=4 L=2 seed=2 acc=0.875 f1=0.875 ep=66 t=9.1s  [248s]
  194/250          moons             hybrid q=4 L=2 seed=3 acc=0.963 f1=0.962 ep=68 t=9.5s  [251s]
  195/250          moons             hybrid q=4 L=2 seed=5 acc=0.925 f1=0.925 ep=75 t=10.3s  [253s]
  196/250          moons             hybrid q=4 L=2 seed=4 acc=0.925 f1=0.925 ep=89 t=12.5s  [255s]
  197/250          moons             hybrid q=4 L=2 seed=7 acc=0.975 f1=0.975 ep=54 t=8.0s  [256s]
  198/250        circles          classical q=- L=- seed=1 acc=1.000 f1=1.000 ep=143 t=1.1s  [257s]
  199/250        circles          classical q=- L=- seed=0 acc=1.000 f1=1.000 ep=300 t=2.6s  [257s]
  200/250        circles          classical q=- L=- seed=2 acc=1.000 f1=1.000 ep=148 t=1.4s  [258s]
  201/250        circles          classical q=- L=- seed=3 acc=1.000 f1=1.000 ep=136 t=1.5s  [259s]
  202/250        circles          classical q=- L=- seed=5 acc=0.988 f1=0.987 ep=42 t=0.5s  [259s]
  203/250        circles          classical q=- L=- seed=4 acc=0.988 f1=0.987 ep=172 t=2.0s  [260s]
  204/250        circles          classical q=- L=- seed=6 acc=0.988 f1=0.987 ep=92 t=1.0s  [261s]
  205/250        circles          classical q=- L=- seed=7 acc=1.000 f1=1.000 ep=50 t=0.5s  [261s]
  206/250        circles          classical q=- L=- seed=8 acc=0.988 f1=0.987 ep=59 t=0.5s  [261s]
  207/250        circles          classical q=- L=- seed=9 acc=1.000 f1=1.000 ep=68 t=0.5s  [261s]
  208/250        circles  classical_matched q=4 L=2 seed=0 acc=1.000 f1=1.000 ep=300 t=1.9s  [263s]
  209/250        circles  classical_matched q=4 L=2 seed=1 acc=1.000 f1=1.000 ep=300 t=2.1s  [264s]
  210/250        circles  classical_matched q=4 L=2 seed=2 acc=1.000 f1=1.000 ep=300 t=2.7s  [266s]
  211/250        circles  classical_matched q=4 L=2 seed=3 acc=0.988 f1=0.987 ep=300 t=2.5s  [266s]
  212/250        circles  classical_matched q=4 L=2 seed=5 acc=0.988 f1=0.987 ep=140 t=0.8s  [267s]
  213/250        circles  classical_matched q=4 L=2 seed=4 acc=0.988 f1=0.987 ep=300 t=1.8s  [268s]
  214/250        circles  classical_matched q=4 L=2 seed=6 acc=0.988 f1=0.987 ep=152 t=1.0s  [268s]
  215/250          moons             hybrid q=4 L=2 seed=9 acc=0.950 f1=0.950 ep=116 t=16.1s  [269s]
  216/250        circles  classical_matched q=4 L=2 seed=7 acc=1.000 f1=1.000 ep=159 t=1.5s  [269s]
  217/250        circles  classical_matched q=4 L=2 seed=8 acc=0.988 f1=0.987 ep=300 t=2.7s  [271s]
  218/250          moons             hybrid q=4 L=2 seed=8 acc=0.900 f1=0.900 ep=144 t=19.7s  [271s]
  219/250        circles         bottleneck q=4 L=2 seed=0 acc=1.000 f1=1.000 ep=199 t=2.2s  [271s]
  220/250        circles  classical_matched q=4 L=2 seed=9 acc=1.000 f1=1.000 ep=300 t=2.3s  [271s]
  221/250        circles         bottleneck q=4 L=2 seed=2 acc=1.000 f1=1.000 ep=111 t=0.9s  [272s]
  222/250        circles         bottleneck q=4 L=2 seed=1 acc=1.000 f1=1.000 ep=143 t=1.1s  [272s]
  223/250        circles         bottleneck q=4 L=2 seed=4 acc=0.975 f1=0.975 ep=136 t=1.1s  [272s]
  224/250        circles         bottleneck q=4 L=2 seed=5 acc=0.975 f1=0.975 ep=176 t=1.7s  [273s]
  225/250        circles         bottleneck q=4 L=2 seed=6 acc=0.975 f1=0.975 ep=182 t=1.8s  [274s]
  226/250        circles         bottleneck q=4 L=2 seed=3 acc=1.000 f1=1.000 ep=261 t=2.5s  [274s]
  227/250        circles         bottleneck q=4 L=2 seed=7 acc=0.988 f1=0.987 ep=121 t=1.4s  [274s]
  228/250        circles         bottleneck q=4 L=2 seed=8 acc=0.988 f1=0.987 ep=218 t=2.6s  [276s]
  229/250        circles         bottleneck q=4 L=2 seed=9 acc=1.000 f1=1.000 ep=226 t=2.5s  [276s]
  230/250          moons             hybrid q=4 L=2 seed=6 acc=0.938 f1=0.937 ep=255 t=35.3s  [283s]
  231/250        circles            quantum q=4 L=2 seed=0 acc=1.000 f1=1.000 ep=199 t=27.4s  [301s]
  232/250        circles            quantum q=4 L=2 seed=1 acc=1.000 f1=1.000 ep=300 t=41.0s  [315s]
  233/250        circles            quantum q=4 L=2 seed=2 acc=1.000 f1=1.000 ep=300 t=40.8s  [317s]
  234/250        circles            quantum q=4 L=2 seed=3 acc=1.000 f1=1.000 ep=300 t=40.7s  [317s]
  235/250        circles            quantum q=4 L=2 seed=5 acc=0.988 f1=0.987 ep=127 t=17.0s  [318s]
  236/250        circles            quantum q=4 L=2 seed=4 acc=0.988 f1=0.987 ep=284 t=39.2s  [322s]
  237/250        circles            quantum q=4 L=2 seed=7 acc=1.000 f1=1.000 ep=155 t=21.0s  [338s]
  238/250        circles            quantum q=4 L=2 seed=6 acc=0.988 f1=0.987 ep=225 t=31.7s  [347s]
  239/250        circles             hybrid q=4 L=2 seed=0 acc=1.000 f1=1.000 ep=198 t=28.0s  [350s]
  240/250        circles            quantum q=4 L=2 seed=8 acc=1.000 f1=1.000 ep=300 t=40.9s  [358s]
  241/250        circles            quantum q=4 L=2 seed=9 acc=1.000 f1=1.000 ep=300 t=42.1s  [360s]
  242/250        circles             hybrid q=4 L=2 seed=2 acc=1.000 f1=1.000 ep=160 t=21.7s  [368s]
  243/250        circles             hybrid q=4 L=2 seed=1 acc=1.000 f1=1.000 ep=272 t=38.5s  [376s]
  244/250        circles             hybrid q=4 L=2 seed=5 acc=0.975 f1=0.975 ep=218 t=32.9s  [393s]
  245/250        circles             hybrid q=4 L=2 seed=3 acc=1.000 f1=1.000 ep=300 t=44.2s  [394s]
  246/250        circles             hybrid q=4 L=2 seed=7 acc=1.000 f1=1.000 ep=118 t=19.3s  [396s]
  247/250        circles             hybrid q=4 L=2 seed=6 acc=0.963 f1=0.962 ep=205 t=31.4s  [400s]
  248/250        circles             hybrid q=4 L=2 seed=4 acc=0.975 f1=0.975 ep=300 t=44.8s  [403s]
  249/250        circles             hybrid q=4 L=2 seed=8 acc=0.988 f1=0.987 ep=236 t=27.8s  [421s]
  250/250        circles             hybrid q=4 L=2 seed=9 acc=1.000 f1=1.000 ep=300 t=33.5s  [428s]
[tabular] готово за 429 с -> C:\Users\ipod0\Documents\qhnn\results\tabular.jsonl
